// Jest Snapshot v1, https://goo.gl/fbAQLP

exports[`Building-Blocks/FocusTrapWrapper FocusTrapAroundButtonSet smoke-test 1`] = `
<div id="button-set-story-focus-trap"
     role="presentation"
>
  <button type="button">
    Button 1
  </button>
  <button type="button">
    Button 2
  </button>
  <button type="button">
    Button 3
  </button>
  <button type="button">
    Button 4
  </button>
</div>
`;

exports[`Building-Blocks/FocusTrapWrapper FocusTrapWithVariousEls smoke-test 1`] = `
<div id="various-els-story-focus-trap"
     role="presentation"
>
  <button type="button">
    Button 1
  </button>
  <br>
  <a href="/">
    link
  </a>
  <br>
  <div tabindex="-1">
    focusable div
  </div>
  <label for="disabled-input">
    Input (disabled)
    <input id="disabled-input"
           disabled
           type="text"
    >
  </label>
  <br>
  <label for="input">
    Input
    <input id="input"
           type="text"
    >
  </label>
  <br>
  <label for="select">
    Select
    <select id="select">
      <option>
        Option 1
      </option>
      <option>
        Option 2
      </option>
    </select>
  </label>
</div>
`;
