// Jest Snapshot v1, https://goo.gl/fbAQLP

exports[`Trip Form Components/Metro Mode Selector MetroModeSelector smoke-test 1`] = `
<fieldset class="MetroModeSelector__ModeBar-sc-n9bu6a-1 ezAten metro-mode-selector">
  <legend>
    Select a transit mode
  </legend>
  <span class="MetroModeSelector__ModeButtonWrapper-sc-n9bu6a-2 klXmgn">
    <input aria-label="Transit"
           id="metro-mode-selector-mode-transit"
           type="checkbox"
           checked
    >
    <label for="metro-mode-selector-mode-transit"
           title="Transit"
    >
      <svg viewbox="0 0 512 512"
           height="32"
           width="32"
           aria-hidden="true"
           focusable="false"
           fill="currentColor"
           xmlns="http://www.w3.org/2000/svg"
           class="StyledIconBase-sc-ea9ulj-0 kcHuPT"
      >
        <path fill="currentColor"
              d="M256 0c134.4 0 224 35.2 224 80v48c17.7 0 32 14.3 32 32v64c0 17.7-14.3 32-32 32v160c0 17.7-14.3 32-32 32v32c0 17.7-14.3 32-32 32h-32c-17.7 0-32-14.3-32-32v-32H160v32c0 17.7-14.3 32-32 32H96c-17.7 0-32-14.3-32-32v-32c-17.7 0-32-14.3-32-32V256c-17.7 0-32-14.3-32-32v-64c0-17.7 14.3-32 32-32V80c0-44.8 89.6-80 224-80zM96 160v96c0 17.7 14.3 32 32 32h112V128H128c-17.7 0-32 14.3-32 32zm176 128h112c17.7 0 32-14.3 32-32v-96c0-17.7-14.3-32-32-32H272v160zM112 400c17.7 0 32-14.3 32-32s-14.3-32-32-32-32 14.3-32 32 14.3 32 32 32zm288 0c17.7 0 32-14.3 32-32s-14.3-32-32-32-32 14.3-32 32 14.3 32 32 32zM352 80c0-8.8-7.2-16-16-16H176c-8.8 0-16 7.2-16 16s7.2 16 16 16h160c8.8 0 16-7.2 16-16z"
        >
        </path>
      </svg>
      <span class="MetroModeSelector__InvisibleA11yLabel-sc-n9bu6a-0 gcxxlD">
        Transit
      </span>
    </label>
  </span>
  <span class="MetroModeSelector__ModeButtonWrapper-sc-n9bu6a-2 klXmgn">
    <input aria-label="Walk"
           id="metro-mode-selector-mode-walk"
           type="checkbox"
    >
    <label for="metro-mode-selector-mode-walk"
           title="Walk"
    >
      <svg viewbox="0 0 320 512"
           height="32"
           width="32"
           aria-hidden="true"
           focusable="false"
           fill="currentColor"
           xmlns="http://www.w3.org/2000/svg"
           class="StyledIconBase-sc-ea9ulj-0 kcHuPT"
      >
        <path fill="currentColor"
              d="M256 48c0 26.5-21.5 48-48 48s-48-21.5-48-48 21.5-48 48-48 48 21.5 48 48zM126.5 199.3c-1 .4-1.9.8-2.9 1.2l-8 3.5c-16.4 7.3-29 21.2-34.7 38.2l-2.6 7.8c-5.6 16.8-23.7 25.8-40.5 20.2S12 246.5 17.6 229.7l2.6-7.8c11.4-34.1 36.6-61.9 69.4-76.5l8-3.5c20.8-9.2 43.3-14 66.1-14 44.6 0 84.8 26.8 101.9 67.9l15.4 36.9 21.4 10.7c15.8 7.9 22.2 27.1 14.3 42.9s-27.1 22.2-42.9 14.3L247 287.3c-10.3-5.2-18.4-13.8-22.8-24.5l-9.6-23-19.3 65.5 49.5 54c5.4 5.9 9.2 13 11.2 20.8l23 92.1c4.3 17.1-6.1 34.5-23.3 38.8s-34.5-6.1-38.8-23.3l-22-88.1-70.7-77.1c-14.8-16.1-20.3-38.6-14.7-59.7l16.9-63.5zM68.7 398l25-62.4c2.1 3 4.5 5.8 7 8.6l40.7 44.4-14.5 36.2c-2.4 6-6 11.5-10.6 16.1l-61.7 61.7c-12.5 12.5-32.8 12.5-45.3 0s-12.5-32.8 0-45.3L68.7 398z"
        >
        </path>
      </svg>
      <span class="MetroModeSelector__InvisibleA11yLabel-sc-n9bu6a-0 gcxxlD">
        Walk
      </span>
    </label>
  </span>
  <span class="MetroModeSelector__ModeButtonWrapper-sc-n9bu6a-2 klXmgn">
    <input aria-label="Bike"
           id="metro-mode-selector-mode-bicycle"
           type="checkbox"
    >
    <label for="metro-mode-selector-mode-bicycle"
           title="Bike"
    >
      <svg xmlns="http://www.w3.org/2000/svg"
           version="1.1"
           viewbox="0 0 100 61.3"
           height="100%"
           width="100%"
           aria-hidden="true"
           size="32"
      >
        <path d="M0,41.6C0,52.3,8.7,61,19.4,61c9.4,0,17.2-6.7,19-15.5c0.1,0,0.1,0,0.2,0c15.3-0.6,4.6,4.2,33-25.7c0.5,1.5,0.9,2.9,1.4,4.3  c-6.9,3-11.8,9.8-11.8,17.9c0,10.7,8.7,19.4,19.4,19.4c10.7,0,19.4-8.7,19.4-19.4s-8.7-19.4-19.4-19.4c-1.2,0-2.4,0.1-3.6,0.3  C69.5-1.5,71.9,0.1,57.9,0v3.9c10.2,0,8.9-0.6,11.2,7.3H35.3L34,7.5c7.6-1.7,9.7-1.7,8.2-3.7H25.1v3.8l4.5,0.1l1.3,3.6  c-2.1,4.6-3.8,8.5-5.3,11.9c-2-0.7-4-1-6.2-1C8.7,22.2,0,30.9,0,41.6z M74.4,28.4c4.8,15.4,4.4,15.1,6.3,15.3c1.1-0.1,1.9-0.9,1.9-2  c0-1.3,0.5,0.4-4.2-14.5c0.7-0.1,1.4-0.2,2.2-0.2c8.2,0,14.9,6.7,14.9,14.9s-6.7,14.9-14.9,14.9s-14.9-6.7-14.9-14.9  C65.7,35.9,69.3,30.7,74.4,28.4z M37,15.3l33,0.1L46.6,41L37,15.3z M29.4,24.9l3.6-8.1l9.4,24.6l-3.6,0C38.8,34.5,35,28.3,29.4,24.9  z M34.3,41.5l-12.3,0l5.6-12.4C31.6,31.8,34.2,36.3,34.3,41.5z M4.5,41.6c0-8.2,6.7-14.9,14.9-14.9c1.5,0,3,0.2,4.3,0.6  c-6.7,14.9-7,15.4-7,16.2c0.2,2.7,1.6,1.9,17.1,1.9c-1.7,6.3-7.5,11-14.3,11C11.2,56.4,4.5,49.8,4.5,41.6z">
        </path>
      </svg>
      <span class="MetroModeSelector__InvisibleA11yLabel-sc-n9bu6a-0 gcxxlD">
        Bike
      </span>
    </label>
  </span>
  <span class="MetroModeSelector__ModeButtonWrapper-sc-n9bu6a-2 klXmgn">
    <input aria-label="Drive"
           id="metro-mode-selector-mode-car"
           type="checkbox"
    >
    <label for="metro-mode-selector-mode-car"
           title="Drive"
    >
      <svg viewbox="0 0 512 512"
           height="32"
           width="32"
           aria-hidden="true"
           focusable="false"
           fill="currentColor"
           xmlns="http://www.w3.org/2000/svg"
           class="StyledIconBase-sc-ea9ulj-0 kcHuPT"
      >
        <path fill="currentColor"
              d="M135.2 117.4 109.1 192h293.8l-26.1-74.6c-4.5-12.8-16.6-21.4-30.2-21.4H165.4c-13.6 0-25.7 8.6-30.2 21.4zm-95.6 79.4L74.8 96.3C88.3 57.8 124.6 32 165.4 32h181.2c40.8 0 77.1 25.8 90.6 64.3l35.2 100.5c23.2 9.6 39.6 32.5 39.6 59.2v192c0 17.7-14.3 32-32 32h-32c-17.7 0-32-14.3-32-32v-48H96v48c0 17.7-14.3 32-32 32H32c-17.7 0-32-14.3-32-32V256c0-26.7 16.4-49.6 39.6-59.2zM128 288c0-17.7-14.3-32-32-32s-32 14.3-32 32 14.3 32 32 32 32-14.3 32-32zm288 32c17.7 0 32-14.3 32-32s-14.3-32-32-32-32 14.3-32 32 14.3 32 32 32z"
        >
        </path>
      </svg>
      <span class="MetroModeSelector__InvisibleA11yLabel-sc-n9bu6a-0 gcxxlD">
        Drive
      </span>
    </label>
  </span>
</fieldset>
`;
