// Jest Snapshot v1, https://goo.gl/fbAQLP

exports[`TripOptions CompanyFirstMixedCategory smoke-test 1`] = `
<div class="styled__TripOptionsContainer-sc-18bsv9u-0 kuBdax">
  <div class="styled__ScrollableRow-sc-18bsv9u-20 iVjjuq indiana-scroll-container">
    <button class="styled__Checkbox-sc-18bsv9u-15 gaRRbg"
            aria-checked="true"
            aria-label="Go by Transit"
            role="checkbox"
            tabindex="0"
    >
      <svg viewbox="0 0 16 16"
           aria-hidden="true"
           focusable="false"
           fill="currentColor"
           xmlns="http://www.w3.org/2000/svg"
           class="StyledIconBase-ea9ulj-0 hPhvO styled__GreenCheck-sc-18bsv9u-3 eYproP"
      >
        <path d="M10.97 4.97a.75.75 0 0 1 1.07 1.05l-3.99 4.99a.75.75 0 0 1-1.08.02L4.324 8.384a.75.75 0 1 1 1.06-1.06l2.094 2.093 3.473-4.425a.267.267 0 0 1 .02-.022z">
        </path>
      </svg>
      Go by Transit
    </button>
    <button class="styled__Checkbox-sc-18bsv9u-15 MnGJN"
            mode="BICYCLE"
            aria-checked="false"
            aria-label="+ Bike or Bike&nbsp;Rental"
            role="checkbox"
            tabindex="0"
    >
      <span class="styled__ModeIconWrapper-sc-18bsv9u-7 gzbtmt">
        <svg version="1.1"
             id="Layer_2_1_"
             x="0px"
             y="0px"
             viewbox="0 0 390 390"
             xml:space="preserve"
        >
          <g>
            <path d="M84.7,188.3C38,188.5,0,226.3,0,273s37.9,84.5,84.7,84.7c46.6-0.2,84.5-38.1,84.5-84.7S131.1,188.5,84.7,188.3z M129.7,318.1c-11.5,11.7-27.4,19-45.1,19s-33.6-7.3-45.3-19c-11.5-11.5-18.8-27.4-18.8-45.1c0-17.6,7.3-33.6,18.8-45.1 c11.7-11.7,27.7-18.8,45.3-18.8s33.6,7,45.1,18.8c11.7,11.5,18.8,27.4,18.8,45.1C148.6,290.7,141.5,306.6,129.7,318.1z">
            </path>
            <path d="M234.3,94.1c17,0,31-14,31-31s-14-30.8-31-30.8c-16.9,0-30.8,13.8-30.8,30.8C203.5,80.3,217.4,94.1,234.3,94.1z">
            </path>
            <path d="M291.5,168.9c18.5,0,18.5-24.4-0.8-24.4h-49.3l-33.5-55.6c-7.3-10-28.2-11.2-36.7-1.1l-59.8,59.6 c-13.4,14.5-5.4,36,9.9,40.9l55.4,34.6v56.1c0,12.6,9.5,19.1,18.2,19.1c8.6,0,18.3-6.4,18.3-19.6v-71.7c0-6.5-0.9-14.1-6.4-16.3 l-36.4-23l30.3-32l18.2,24.3c3.1,7.8,11.4,9.2,18,9.2L291.5,168.9L291.5,168.9z">
            </path>
            <g>
              <path d="M305.4,187c-46.7,0-84.7,37.9-84.7,84.6c0.2,46.7,37.9,84.7,84.7,84.7c46.6,0,84.6-38,84.6-84.7S352,187,305.4,187z M350.6,316.8c-11.5,11.6-27.4,18.8-45.1,18.8s-33.6-7.2-45.3-18.8c-11.5-11.6-18.8-27.7-18.8-45.2c0-17.7,7.3-33.6,18.8-45.1 c11.7-11.7,27.7-18.8,45.3-18.8c17.7,0,33.6,7,45.1,18.8c11.7,11.7,18.8,27.4,18.8,45.1C369.4,289.1,362.3,305.1,350.6,316.8z">
              </path>
            </g>
          </g>
        </svg>
      </span>
      <svg viewbox="0 0 24 24"
           aria-hidden="true"
           focusable="false"
           fill="currentColor"
           xmlns="http://www.w3.org/2000/svg"
           class="StyledIconBase-ea9ulj-0 hPhvO styled__UncheckedIcon-sc-18bsv9u-4 eCWHJq"
      >
        <path d="M13 7h-2v4H7v2h4v4h2v-4h4v-2h-4z">
        </path>
        <path d="M12 2C6.486 2 2 6.486 2 12s4.486 10 10 10 10-4.486 10-10S17.514 2 12 2zm0 18c-4.411 0-8-3.589-8-8s3.589-8 8-8 8 3.589 8 8-3.589 8-8 8z">
        </path>
      </svg>
      + Bike or Bike&nbsp;Rental
    </button>
    <button class="styled__Checkbox-sc-18bsv9u-15 bgYmRQ"
            mode="CAR_HAIL"
            aria-checked="false"
            aria-label="+ Ridehail or Park&nbsp;&amp;&nbsp;Ride"
            role="checkbox"
            tabindex="0"
    >
      <span class="styled__ModeIconWrapper-sc-18bsv9u-7 gzbtmt">
        <svg version="1.1"
             id="Layer_3"
             x="0px"
             y="0px"
             viewbox="0 0 390 390"
             xml:space="preserve"
        >
          <g>
            <path d="M371.2,175.3l-3.7-12.1l-29.8-95.7c-5.8-18.6-22.9-31.2-42.4-31.2H94.7c-19.5,0-36.5,12.6-42.4,31.2l-29.8,95.7l-3.7,12.1 C7.6,181.4,0,193.1,0,206.5v76.2c0,7.8,6.4,14.2,14.2,14.2h12.4v35.5c0,11.7,9.6,21.3,21.3,21.3H62c11.7,0,21.3-9.6,21.3-21.3 v-35.5h223.4v35.5c0,11.7,9.6,21.3,21.3,21.3h14.2c11.7,0,21.3-9.6,21.3-21.3v-35.5h12.4c7.8,0,14.2-6.4,14.2-14.2v-76.2 C390,193.2,382.4,181.4,371.2,175.3z M55,252.8c-14.7,0-26.6-11.9-26.6-26.6s11.9-26.6,26.6-26.6s26.6,11.9,26.6,26.6 S69.7,252.8,55,252.8z M295.7,171.2c-9-14.9-25.4-24.8-44-24.8s-34.9,9.9-44,24.8H47.9l29.8-95.6c2.3-7.4,9.2-12.4,16.8-12.4h200.9 c7.8,0,14.5,5,16.8,12.4l29.8,95.7L295.7,171.2z M335,252.8c-14.7,0-26.6-11.9-26.6-26.6s11.9-26.6,26.6-26.6 c14.7,0,26.6,11.9,26.6,26.6S349.8,252.8,335,252.8z">
            </path>
            <circle cx="251.7"
                    cy="107.4"
                    r="33.7"
            >
            </circle>
          </g>
        </svg>
      </span>
      <svg viewbox="0 0 24 24"
           aria-hidden="true"
           focusable="false"
           fill="currentColor"
           xmlns="http://www.w3.org/2000/svg"
           class="StyledIconBase-ea9ulj-0 hPhvO styled__UncheckedIcon-sc-18bsv9u-4 eCWHJq"
      >
        <path d="M13 7h-2v4H7v2h4v4h2v-4h4v-2h-4z">
        </path>
        <path d="M12 2C6.486 2 2 6.486 2 12s4.486 10 10 10 10-4.486 10-10S17.514 2 12 2zm0 18c-4.411 0-8-3.589-8-8s3.589-8 8-8 8 3.589 8 8-3.589 8-8 8z">
        </path>
      </svg>
      + Ridehail or Park&nbsp;&amp;&nbsp;Ride
    </button>
    <button class="styled__Checkbox-sc-18bsv9u-15 bgYmRQ"
            mode="MICROMOBILITY_RENT"
            aria-checked="false"
            aria-label="+ E-Scooter Rental"
            role="checkbox"
            tabindex="0"
    >
      <span class="styled__ModeIconWrapper-sc-18bsv9u-7 gzbtmt">
        <svg version="1.1"
             id="wes"
             x="0px"
             y="0px"
             viewbox="0 0 390 390"
             xml:space="preserve"
        >
          <g>
            <path class="st0"
                  d="M334.7,277.7c-24.9,0-46,16.5-52.9,39.2H133.7l-57-115.2l36-178.8H72.4c-5,0-9.1,4.1-9.1,9.1s4.1,9.1,9.1,9.1 h18.1L40,292c-22.1,0.5-40,18.7-40,41c0,22.6,18.4,41,41,41s41-18.4,41-41c0-16.6-10-31-24.2-37.4l10.8-53.6l37.2,75.2 c-7.5,1.3-13.3,7.9-13.3,15.8c0,8.9,7.2,16,16,16H297c6.3,14.7,20.8,24.9,37.7,24.9c22.6,0,41-18.4,41-41c0-22.6-18.4-41-41-41 c-16.9,0-31.5,10.3-37.7,24.9h-5.6c6.5-17.6,23.5-30.1,43.3-30.1c25.5,0,46.2,20.7,46.2,46.2c0,2.5,2,4.5,4.5,4.5s4.5-2,4.5-4.5 C390,302.5,365.2,277.7,334.7,277.7z M63.8,332.9c0,12.6-10.3,22.9-22.9,22.9s-22.9-10.3-22.9-22.9c0-11,7.8-20.2,18.1-22.4 l-4.1,20.6c-1,4.9,2.2,9.7,7.1,10.7c0.6,0.1,1.2,0.2,1.8,0.2c4.2,0,8-3,8.9-7.3l4.1-20.6C59.9,318.3,63.8,325.2,63.8,332.9z M334.7,310.1c12.6,0,22.9,10.3,22.9,22.9c0,12.6-10.3,22.9-22.9,22.9c-6.4,0-12.1-2.6-16.3-6.8h16.3c8.9,0,16-7.2,16-16 s-7.2-16-16-16h-16.3C322.6,312.7,328.4,310.1,334.7,310.1z"
            >
            </path>
            <polygon class="st0"
                     points="280.5,194.3 247.1,194.3 280.8,146.6 233.3,146.6 194.8,223.6 223.3,223.6 190.7,301 	"
            >
            </polygon>
          </g>
        </svg>
      </span>
      <svg viewbox="0 0 24 24"
           aria-hidden="true"
           focusable="false"
           fill="currentColor"
           xmlns="http://www.w3.org/2000/svg"
           class="StyledIconBase-ea9ulj-0 hPhvO styled__UncheckedIcon-sc-18bsv9u-4 eCWHJq"
      >
        <path d="M13 7h-2v4H7v2h4v4h2v-4h4v-2h-4z">
        </path>
        <path d="M12 2C6.486 2 2 6.486 2 12s4.486 10 10 10 10-4.486 10-10S17.514 2 12 2zm0 18c-4.411 0-8-3.589-8-8s3.589-8 8-8 8 3.589 8 8-3.589 8-8 8z">
        </path>
      </svg>
      + E-Scooter Rental
    </button>
    <button class="styled__Checkbox-sc-18bsv9u-15 MnGJN"
            mode="WALK"
            aria-checked="false"
            aria-label="Walk Only"
            role="checkbox"
            tabindex="0"
    >
      <span class="styled__ModeIconWrapper-sc-18bsv9u-7 gzbtmt">
        <svg version="1.1"
             id="bus_circle"
             x="0px"
             y="0px"
             viewbox="0 0 390 390"
             xml:space="preserve"
        >
          <g>
            <path d="M209,0c17.8,0,32.3,14.5,32.3,32.3S226.8,64.6,209,64.6s-32.3-14.5-32.3-32.3S191.2,0,209,0z M307.5,201.8 c-4.5,6.6-13.5,8.3-20.1,3.8l0,0c0,0-44.7-30.5-47.9-32.7c-3.2-2.2-5.1-6.8-6.5-9.8c-1-2-6-11.8-9.3-18.3l-4,17l-10.4,47.1 c0,0,55.7,65.6,56.8,66.9c1.6,1.8,2.5,5.5,3.2,8.3c0.7,2.7,14.9,79.9,14.9,79.9c2.2,11.9-5.7,23.4-17.6,25.7 c-11.9,2.2-23.4-5.7-25.7-17.6l-14.2-76.3l-46.3-50.6c0,0-10.3,48.1-10.5,49.1s-0.7,2.5-1.3,3.9c-0.6,1.3-47.6,81.1-47.6,81.1 c-6.2,10.4-19.7,13.9-30.2,7.7c-10.4-6.2-13.9-19.7-7.7-30.2l41.8-70.3l33.6-152.1l-22.6,18l-12.5,55.1l0,0 c0,7.8-8.8,12.9-16.6,11.2c-7.8-1.7-12.4-4.9-10.6-17.1h0.2c0,0,13-61.2,14-63.9c0.9-2.7,2.3-5.7,3.7-6.8 c9.4-7.6,45.8-37.4,56.5-46c12.3-10,17.7-13.7,28.2-13.7c7.9,0,16.5,2.4,25.6,11.8c4,4.1,6.9,10.8,8.9,15 c2,4.1,27.1,53.7,27.1,53.7l43.3,30l0,0C310.3,186.2,312,195.2,307.5,201.8z">
            </path>
          </g>
        </svg>
      </span>
      <svg viewbox="0 0 24 24"
           aria-hidden="true"
           focusable="false"
           fill="currentColor"
           xmlns="http://www.w3.org/2000/svg"
           class="StyledIconBase-ea9ulj-0 hPhvO styled__UncheckedIcon-sc-18bsv9u-4 eCWHJq"
      >
        <path d="M13 7h-2v4H7v2h4v4h2v-4h4v-2h-4z">
        </path>
        <path d="M12 2C6.486 2 2 6.486 2 12s4.486 10 10 10 10-4.486 10-10S17.514 2 12 2zm0 18c-4.411 0-8-3.589-8-8s3.589-8 8-8 8 3.589 8 8-3.589 8-8 8z">
        </path>
      </svg>
      Walk Only
    </button>
    <button class="styled__Checkbox-sc-18bsv9u-15 MnGJN"
            mode="BICYCLE"
            aria-checked="false"
            aria-label="Bike Only"
            role="checkbox"
            tabindex="0"
    >
      <span class="styled__ModeIconWrapper-sc-18bsv9u-7 gzbtmt">
        <svg version="1.1"
             id="Layer_2_1_"
             x="0px"
             y="0px"
             viewbox="0 0 390 390"
             xml:space="preserve"
        >
          <g>
            <path d="M84.7,188.3C38,188.5,0,226.3,0,273s37.9,84.5,84.7,84.7c46.6-0.2,84.5-38.1,84.5-84.7S131.1,188.5,84.7,188.3z M129.7,318.1c-11.5,11.7-27.4,19-45.1,19s-33.6-7.3-45.3-19c-11.5-11.5-18.8-27.4-18.8-45.1c0-17.6,7.3-33.6,18.8-45.1 c11.7-11.7,27.7-18.8,45.3-18.8s33.6,7,45.1,18.8c11.7,11.5,18.8,27.4,18.8,45.1C148.6,290.7,141.5,306.6,129.7,318.1z">
            </path>
            <path d="M234.3,94.1c17,0,31-14,31-31s-14-30.8-31-30.8c-16.9,0-30.8,13.8-30.8,30.8C203.5,80.3,217.4,94.1,234.3,94.1z">
            </path>
            <path d="M291.5,168.9c18.5,0,18.5-24.4-0.8-24.4h-49.3l-33.5-55.6c-7.3-10-28.2-11.2-36.7-1.1l-59.8,59.6 c-13.4,14.5-5.4,36,9.9,40.9l55.4,34.6v56.1c0,12.6,9.5,19.1,18.2,19.1c8.6,0,18.3-6.4,18.3-19.6v-71.7c0-6.5-0.9-14.1-6.4-16.3 l-36.4-23l30.3-32l18.2,24.3c3.1,7.8,11.4,9.2,18,9.2L291.5,168.9L291.5,168.9z">
            </path>
            <g>
              <path d="M305.4,187c-46.7,0-84.7,37.9-84.7,84.6c0.2,46.7,37.9,84.7,84.7,84.7c46.6,0,84.6-38,84.6-84.7S352,187,305.4,187z M350.6,316.8c-11.5,11.6-27.4,18.8-45.1,18.8s-33.6-7.2-45.3-18.8c-11.5-11.6-18.8-27.7-18.8-45.2c0-17.7,7.3-33.6,18.8-45.1 c11.7-11.7,27.7-18.8,45.3-18.8c17.7,0,33.6,7,45.1,18.8c11.7,11.7,18.8,27.4,18.8,45.1C369.4,289.1,362.3,305.1,350.6,316.8z">
              </path>
            </g>
          </g>
        </svg>
      </span>
      <svg viewbox="0 0 24 24"
           aria-hidden="true"
           focusable="false"
           fill="currentColor"
           xmlns="http://www.w3.org/2000/svg"
           class="StyledIconBase-ea9ulj-0 hPhvO styled__UncheckedIcon-sc-18bsv9u-4 eCWHJq"
      >
        <path d="M13 7h-2v4H7v2h4v4h2v-4h4v-2h-4z">
        </path>
        <path d="M12 2C6.486 2 2 6.486 2 12s4.486 10 10 10 10-4.486 10-10S17.514 2 12 2zm0 18c-4.411 0-8-3.589-8-8s3.589-8 8-8 8 3.589 8 8-3.589 8-8 8z">
        </path>
      </svg>
      Bike Only
    </button>
  </div>
  <div class="styled__TripOptionsSubContainer-sc-18bsv9u-1 ddbfLo">
    <div class="styled__GeneralSettingsPanel-sc-122ziys-19 hKJhWi">
      <div class="styled__DropdownSelector-sc-122ziys-17 kiQdDP">
        <div>
          <label for="id-query-param-maxWalkDistance"
                 class="styled__SettingLabel-sc-122ziys-2 hlSjLd"
          >
            Maximum Walk
          </label>
        </div>
        <div>
          <select id="id-query-param-maxWalkDistance">
            <option value="160.9">
              1/10 mile
            </option>
            <option value="402.3">
              1/4 mile
            </option>
            <option value="804.7">
              1/2 mile
            </option>
            <option value="1207">
              3/4 mile
            </option>
            <option value="1609">
              1 mile
            </option>
            <option value="3219">
              2 miles
            </option>
            <option value="8047">
              5 miles
            </option>
          </select>
        </div>
      </div>
    </div>
    <div class="styled__TransitOptionsContainer-sc-18bsv9u-2 bBSjWT">
      <button class="styled__Checkbox-sc-18bsv9u-15 jPGkfd"
              aria-checked="true"
              aria-label="Buses"
              role="checkbox"
              tabindex="0"
      >
        <svg viewbox="0 0 16 16"
             aria-hidden="true"
             focusable="false"
             fill="currentColor"
             xmlns="http://www.w3.org/2000/svg"
             class="StyledIconBase-ea9ulj-0 hPhvO styled__GreenCheck-sc-18bsv9u-3 eYproP"
        >
          <path d="M10.97 4.97a.75.75 0 0 1 1.07 1.05l-3.99 4.99a.75.75 0 0 1-1.08.02L4.324 8.384a.75.75 0 1 1 1.06-1.06l2.094 2.093 3.473-4.425a.267.267 0 0 1 .02-.022z">
          </path>
        </svg>
        <img alt="Image for Buses"
             src="https://trimet.org/global/img/mode-bus.png"
             class="styled__Image-sc-18bsv9u-5 jzVexb"
        >
        <span style="z-index: 5;">
          Buses
        </span>
      </button>
      <button class="styled__Checkbox-sc-18bsv9u-15 jPGkfd"
              aria-checked="true"
              aria-label="MAX and Portland Streetcar"
              role="checkbox"
              tabindex="0"
      >
        <svg viewbox="0 0 16 16"
             aria-hidden="true"
             focusable="false"
             fill="currentColor"
             xmlns="http://www.w3.org/2000/svg"
             class="StyledIconBase-ea9ulj-0 hPhvO styled__GreenCheck-sc-18bsv9u-3 eYproP"
        >
          <path d="M10.97 4.97a.75.75 0 0 1 1.07 1.05l-3.99 4.99a.75.75 0 0 1-1.08.02L4.324 8.384a.75.75 0 1 1 1.06-1.06l2.094 2.093 3.473-4.425a.267.267 0 0 1 .02-.022z">
          </path>
        </svg>
        <img alt="Image for MAX and Portland Streetcar"
             src="https://trimet.org/global/img/mode-max.png"
             class="styled__Image-sc-18bsv9u-5 jzVexb"
        >
        <span style="z-index: 5;">
          MAX and Portland Streetcar
        </span>
      </button>
      <button class="styled__Checkbox-sc-18bsv9u-15 jPGkfd"
              aria-checked="true"
              aria-label="WES Commuter Rail"
              role="checkbox"
              tabindex="0"
      >
        <svg viewbox="0 0 16 16"
             aria-hidden="true"
             focusable="false"
             fill="currentColor"
             xmlns="http://www.w3.org/2000/svg"
             class="StyledIconBase-ea9ulj-0 hPhvO styled__GreenCheck-sc-18bsv9u-3 eYproP"
        >
          <path d="M10.97 4.97a.75.75 0 0 1 1.07 1.05l-3.99 4.99a.75.75 0 0 1-1.08.02L4.324 8.384a.75.75 0 1 1 1.06-1.06l2.094 2.093 3.473-4.425a.267.267 0 0 1 .02-.022z">
          </path>
        </svg>
        <img alt="Image for WES Commuter Rail"
             src="https://trimet.org/global/img/mode-wes.png"
             class="styled__Image-sc-18bsv9u-5 jzVexb"
        >
        <span style="z-index: 5;">
          WES Commuter Rail
        </span>
      </button>
    </div>
  </div>
</div>
`;

exports[`TripOptions Default smoke-test 1`] = `
<div class="styled__TripOptionsContainer-sc-18bsv9u-0 kuBdax">
  <div class="styled__ScrollableRow-sc-18bsv9u-20 iVjjuq indiana-scroll-container">
    <button class="styled__Checkbox-sc-18bsv9u-15 gaRRbg"
            aria-checked="true"
            aria-label="Go by Transit"
            role="checkbox"
            tabindex="0"
    >
      <svg viewbox="0 0 16 16"
           aria-hidden="true"
           focusable="false"
           fill="currentColor"
           xmlns="http://www.w3.org/2000/svg"
           class="StyledIconBase-ea9ulj-0 hPhvO styled__GreenCheck-sc-18bsv9u-3 eYproP"
      >
        <path d="M10.97 4.97a.75.75 0 0 1 1.07 1.05l-3.99 4.99a.75.75 0 0 1-1.08.02L4.324 8.384a.75.75 0 1 1 1.06-1.06l2.094 2.093 3.473-4.425a.267.267 0 0 1 .02-.022z">
        </path>
      </svg>
      Go by Transit
    </button>
    <button class="styled__Checkbox-sc-18bsv9u-15 MnGJN"
            mode="BICYCLE"
            aria-checked="false"
            aria-label="+ Bike or Bike&nbsp;Rental"
            role="checkbox"
            tabindex="0"
    >
      <span class="styled__ModeIconWrapper-sc-18bsv9u-7 gzbtmt">
        <svg version="1.1"
             id="Layer_2_1_"
             x="0px"
             y="0px"
             viewbox="0 0 390 390"
             xml:space="preserve"
        >
          <g>
            <path d="M84.7,188.3C38,188.5,0,226.3,0,273s37.9,84.5,84.7,84.7c46.6-0.2,84.5-38.1,84.5-84.7S131.1,188.5,84.7,188.3z M129.7,318.1c-11.5,11.7-27.4,19-45.1,19s-33.6-7.3-45.3-19c-11.5-11.5-18.8-27.4-18.8-45.1c0-17.6,7.3-33.6,18.8-45.1 c11.7-11.7,27.7-18.8,45.3-18.8s33.6,7,45.1,18.8c11.7,11.5,18.8,27.4,18.8,45.1C148.6,290.7,141.5,306.6,129.7,318.1z">
            </path>
            <path d="M234.3,94.1c17,0,31-14,31-31s-14-30.8-31-30.8c-16.9,0-30.8,13.8-30.8,30.8C203.5,80.3,217.4,94.1,234.3,94.1z">
            </path>
            <path d="M291.5,168.9c18.5,0,18.5-24.4-0.8-24.4h-49.3l-33.5-55.6c-7.3-10-28.2-11.2-36.7-1.1l-59.8,59.6 c-13.4,14.5-5.4,36,9.9,40.9l55.4,34.6v56.1c0,12.6,9.5,19.1,18.2,19.1c8.6,0,18.3-6.4,18.3-19.6v-71.7c0-6.5-0.9-14.1-6.4-16.3 l-36.4-23l30.3-32l18.2,24.3c3.1,7.8,11.4,9.2,18,9.2L291.5,168.9L291.5,168.9z">
            </path>
            <g>
              <path d="M305.4,187c-46.7,0-84.7,37.9-84.7,84.6c0.2,46.7,37.9,84.7,84.7,84.7c46.6,0,84.6-38,84.6-84.7S352,187,305.4,187z M350.6,316.8c-11.5,11.6-27.4,18.8-45.1,18.8s-33.6-7.2-45.3-18.8c-11.5-11.6-18.8-27.7-18.8-45.2c0-17.7,7.3-33.6,18.8-45.1 c11.7-11.7,27.7-18.8,45.3-18.8c17.7,0,33.6,7,45.1,18.8c11.7,11.7,18.8,27.4,18.8,45.1C369.4,289.1,362.3,305.1,350.6,316.8z">
              </path>
            </g>
          </g>
        </svg>
      </span>
      <svg viewbox="0 0 24 24"
           aria-hidden="true"
           focusable="false"
           fill="currentColor"
           xmlns="http://www.w3.org/2000/svg"
           class="StyledIconBase-ea9ulj-0 hPhvO styled__UncheckedIcon-sc-18bsv9u-4 eCWHJq"
      >
        <path d="M13 7h-2v4H7v2h4v4h2v-4h4v-2h-4z">
        </path>
        <path d="M12 2C6.486 2 2 6.486 2 12s4.486 10 10 10 10-4.486 10-10S17.514 2 12 2zm0 18c-4.411 0-8-3.589-8-8s3.589-8 8-8 8 3.589 8 8-3.589 8-8 8z">
        </path>
      </svg>
      + Bike or Bike&nbsp;Rental
    </button>
    <button class="styled__Checkbox-sc-18bsv9u-15 bgYmRQ"
            mode="CAR_PARK"
            aria-checked="false"
            aria-label="+ Ridehail or Park&nbsp;&amp;&nbsp;Ride"
            role="checkbox"
            tabindex="0"
    >
      <span class="styled__ModeIconWrapper-sc-18bsv9u-7 gzbtmt">
        <svg version="1.1"
             id="Layer_3"
             x="0px"
             y="0px"
             viewbox="0 0 390 390"
             xml:space="preserve"
        >
          <g>
            <path d="M371.2,175.3l-3.7-12.1l-29.8-95.7c-5.8-18.6-22.9-31.2-42.4-31.2H94.7c-19.5,0-36.5,12.6-42.4,31.2l-29.8,95.7l-3.7,12.1 C7.6,181.4,0,193.1,0,206.5v76.2c0,7.8,6.4,14.2,14.2,14.2h12.4v35.5c0,11.7,9.6,21.3,21.3,21.3H62c11.7,0,21.3-9.6,21.3-21.3 v-35.5h223.4v35.5c0,11.7,9.6,21.3,21.3,21.3h14.2c11.7,0,21.3-9.6,21.3-21.3v-35.5h12.4c7.8,0,14.2-6.4,14.2-14.2v-76.2 C390,193.2,382.4,181.4,371.2,175.3z M55,252.8c-14.7,0-26.6-11.9-26.6-26.6s11.9-26.6,26.6-26.6s26.6,11.9,26.6,26.6 S69.7,252.8,55,252.8z M295.7,171.2c-9-14.9-25.4-24.8-44-24.8s-34.9,9.9-44,24.8H47.9l29.8-95.6c2.3-7.4,9.2-12.4,16.8-12.4h200.9 c7.8,0,14.5,5,16.8,12.4l29.8,95.7L295.7,171.2z M335,252.8c-14.7,0-26.6-11.9-26.6-26.6s11.9-26.6,26.6-26.6 c14.7,0,26.6,11.9,26.6,26.6S349.8,252.8,335,252.8z">
            </path>
            <circle cx="251.7"
                    cy="107.4"
                    r="33.7"
            >
            </circle>
          </g>
        </svg>
      </span>
      <svg viewbox="0 0 24 24"
           aria-hidden="true"
           focusable="false"
           fill="currentColor"
           xmlns="http://www.w3.org/2000/svg"
           class="StyledIconBase-ea9ulj-0 hPhvO styled__UncheckedIcon-sc-18bsv9u-4 eCWHJq"
      >
        <path d="M13 7h-2v4H7v2h4v4h2v-4h4v-2h-4z">
        </path>
        <path d="M12 2C6.486 2 2 6.486 2 12s4.486 10 10 10 10-4.486 10-10S17.514 2 12 2zm0 18c-4.411 0-8-3.589-8-8s3.589-8 8-8 8 3.589 8 8-3.589 8-8 8z">
        </path>
      </svg>
      + Ridehail or Park&nbsp;&amp;&nbsp;Ride
    </button>
    <button class="styled__Checkbox-sc-18bsv9u-15 bgYmRQ"
            mode="MICROMOBILITY_RENT"
            aria-checked="false"
            aria-label="+ E-Scooter Rental"
            role="checkbox"
            tabindex="0"
    >
      <span class="styled__ModeIconWrapper-sc-18bsv9u-7 gzbtmt">
        <svg version="1.1"
             id="wes"
             x="0px"
             y="0px"
             viewbox="0 0 390 390"
             xml:space="preserve"
        >
          <g>
            <path class="st0"
                  d="M334.7,277.7c-24.9,0-46,16.5-52.9,39.2H133.7l-57-115.2l36-178.8H72.4c-5,0-9.1,4.1-9.1,9.1s4.1,9.1,9.1,9.1 h18.1L40,292c-22.1,0.5-40,18.7-40,41c0,22.6,18.4,41,41,41s41-18.4,41-41c0-16.6-10-31-24.2-37.4l10.8-53.6l37.2,75.2 c-7.5,1.3-13.3,7.9-13.3,15.8c0,8.9,7.2,16,16,16H297c6.3,14.7,20.8,24.9,37.7,24.9c22.6,0,41-18.4,41-41c0-22.6-18.4-41-41-41 c-16.9,0-31.5,10.3-37.7,24.9h-5.6c6.5-17.6,23.5-30.1,43.3-30.1c25.5,0,46.2,20.7,46.2,46.2c0,2.5,2,4.5,4.5,4.5s4.5-2,4.5-4.5 C390,302.5,365.2,277.7,334.7,277.7z M63.8,332.9c0,12.6-10.3,22.9-22.9,22.9s-22.9-10.3-22.9-22.9c0-11,7.8-20.2,18.1-22.4 l-4.1,20.6c-1,4.9,2.2,9.7,7.1,10.7c0.6,0.1,1.2,0.2,1.8,0.2c4.2,0,8-3,8.9-7.3l4.1-20.6C59.9,318.3,63.8,325.2,63.8,332.9z M334.7,310.1c12.6,0,22.9,10.3,22.9,22.9c0,12.6-10.3,22.9-22.9,22.9c-6.4,0-12.1-2.6-16.3-6.8h16.3c8.9,0,16-7.2,16-16 s-7.2-16-16-16h-16.3C322.6,312.7,328.4,310.1,334.7,310.1z"
            >
            </path>
            <polygon class="st0"
                     points="280.5,194.3 247.1,194.3 280.8,146.6 233.3,146.6 194.8,223.6 223.3,223.6 190.7,301 	"
            >
            </polygon>
          </g>
        </svg>
      </span>
      <svg viewbox="0 0 24 24"
           aria-hidden="true"
           focusable="false"
           fill="currentColor"
           xmlns="http://www.w3.org/2000/svg"
           class="StyledIconBase-ea9ulj-0 hPhvO styled__UncheckedIcon-sc-18bsv9u-4 eCWHJq"
      >
        <path d="M13 7h-2v4H7v2h4v4h2v-4h4v-2h-4z">
        </path>
        <path d="M12 2C6.486 2 2 6.486 2 12s4.486 10 10 10 10-4.486 10-10S17.514 2 12 2zm0 18c-4.411 0-8-3.589-8-8s3.589-8 8-8 8 3.589 8 8-3.589 8-8 8z">
        </path>
      </svg>
      + E-Scooter Rental
    </button>
    <button class="styled__Checkbox-sc-18bsv9u-15 MnGJN"
            mode="WALK"
            aria-checked="false"
            aria-label="Walk Only"
            role="checkbox"
            tabindex="0"
    >
      <span class="styled__ModeIconWrapper-sc-18bsv9u-7 gzbtmt">
        <svg version="1.1"
             id="bus_circle"
             x="0px"
             y="0px"
             viewbox="0 0 390 390"
             xml:space="preserve"
        >
          <g>
            <path d="M209,0c17.8,0,32.3,14.5,32.3,32.3S226.8,64.6,209,64.6s-32.3-14.5-32.3-32.3S191.2,0,209,0z M307.5,201.8 c-4.5,6.6-13.5,8.3-20.1,3.8l0,0c0,0-44.7-30.5-47.9-32.7c-3.2-2.2-5.1-6.8-6.5-9.8c-1-2-6-11.8-9.3-18.3l-4,17l-10.4,47.1 c0,0,55.7,65.6,56.8,66.9c1.6,1.8,2.5,5.5,3.2,8.3c0.7,2.7,14.9,79.9,14.9,79.9c2.2,11.9-5.7,23.4-17.6,25.7 c-11.9,2.2-23.4-5.7-25.7-17.6l-14.2-76.3l-46.3-50.6c0,0-10.3,48.1-10.5,49.1s-0.7,2.5-1.3,3.9c-0.6,1.3-47.6,81.1-47.6,81.1 c-6.2,10.4-19.7,13.9-30.2,7.7c-10.4-6.2-13.9-19.7-7.7-30.2l41.8-70.3l33.6-152.1l-22.6,18l-12.5,55.1l0,0 c0,7.8-8.8,12.9-16.6,11.2c-7.8-1.7-12.4-4.9-10.6-17.1h0.2c0,0,13-61.2,14-63.9c0.9-2.7,2.3-5.7,3.7-6.8 c9.4-7.6,45.8-37.4,56.5-46c12.3-10,17.7-13.7,28.2-13.7c7.9,0,16.5,2.4,25.6,11.8c4,4.1,6.9,10.8,8.9,15 c2,4.1,27.1,53.7,27.1,53.7l43.3,30l0,0C310.3,186.2,312,195.2,307.5,201.8z">
            </path>
          </g>
        </svg>
      </span>
      <svg viewbox="0 0 24 24"
           aria-hidden="true"
           focusable="false"
           fill="currentColor"
           xmlns="http://www.w3.org/2000/svg"
           class="StyledIconBase-ea9ulj-0 hPhvO styled__UncheckedIcon-sc-18bsv9u-4 eCWHJq"
      >
        <path d="M13 7h-2v4H7v2h4v4h2v-4h4v-2h-4z">
        </path>
        <path d="M12 2C6.486 2 2 6.486 2 12s4.486 10 10 10 10-4.486 10-10S17.514 2 12 2zm0 18c-4.411 0-8-3.589-8-8s3.589-8 8-8 8 3.589 8 8-3.589 8-8 8z">
        </path>
      </svg>
      Walk Only
    </button>
    <button class="styled__Checkbox-sc-18bsv9u-15 MnGJN"
            mode="BICYCLE"
            aria-checked="false"
            aria-label="Bike Only"
            role="checkbox"
            tabindex="0"
    >
      <span class="styled__ModeIconWrapper-sc-18bsv9u-7 gzbtmt">
        <svg version="1.1"
             id="Layer_2_1_"
             x="0px"
             y="0px"
             viewbox="0 0 390 390"
             xml:space="preserve"
        >
          <g>
            <path d="M84.7,188.3C38,188.5,0,226.3,0,273s37.9,84.5,84.7,84.7c46.6-0.2,84.5-38.1,84.5-84.7S131.1,188.5,84.7,188.3z M129.7,318.1c-11.5,11.7-27.4,19-45.1,19s-33.6-7.3-45.3-19c-11.5-11.5-18.8-27.4-18.8-45.1c0-17.6,7.3-33.6,18.8-45.1 c11.7-11.7,27.7-18.8,45.3-18.8s33.6,7,45.1,18.8c11.7,11.5,18.8,27.4,18.8,45.1C148.6,290.7,141.5,306.6,129.7,318.1z">
            </path>
            <path d="M234.3,94.1c17,0,31-14,31-31s-14-30.8-31-30.8c-16.9,0-30.8,13.8-30.8,30.8C203.5,80.3,217.4,94.1,234.3,94.1z">
            </path>
            <path d="M291.5,168.9c18.5,0,18.5-24.4-0.8-24.4h-49.3l-33.5-55.6c-7.3-10-28.2-11.2-36.7-1.1l-59.8,59.6 c-13.4,14.5-5.4,36,9.9,40.9l55.4,34.6v56.1c0,12.6,9.5,19.1,18.2,19.1c8.6,0,18.3-6.4,18.3-19.6v-71.7c0-6.5-0.9-14.1-6.4-16.3 l-36.4-23l30.3-32l18.2,24.3c3.1,7.8,11.4,9.2,18,9.2L291.5,168.9L291.5,168.9z">
            </path>
            <g>
              <path d="M305.4,187c-46.7,0-84.7,37.9-84.7,84.6c0.2,46.7,37.9,84.7,84.7,84.7c46.6,0,84.6-38,84.6-84.7S352,187,305.4,187z M350.6,316.8c-11.5,11.6-27.4,18.8-45.1,18.8s-33.6-7.2-45.3-18.8c-11.5-11.6-18.8-27.7-18.8-45.2c0-17.7,7.3-33.6,18.8-45.1 c11.7-11.7,27.7-18.8,45.3-18.8c17.7,0,33.6,7,45.1,18.8c11.7,11.7,18.8,27.4,18.8,45.1C369.4,289.1,362.3,305.1,350.6,316.8z">
              </path>
            </g>
          </g>
        </svg>
      </span>
      <svg viewbox="0 0 24 24"
           aria-hidden="true"
           focusable="false"
           fill="currentColor"
           xmlns="http://www.w3.org/2000/svg"
           class="StyledIconBase-ea9ulj-0 hPhvO styled__UncheckedIcon-sc-18bsv9u-4 eCWHJq"
      >
        <path d="M13 7h-2v4H7v2h4v4h2v-4h4v-2h-4z">
        </path>
        <path d="M12 2C6.486 2 2 6.486 2 12s4.486 10 10 10 10-4.486 10-10S17.514 2 12 2zm0 18c-4.411 0-8-3.589-8-8s3.589-8 8-8 8 3.589 8 8-3.589 8-8 8z">
        </path>
      </svg>
      Bike Only
    </button>
  </div>
  <div class="styled__TripOptionsSubContainer-sc-18bsv9u-1 ddbfLo">
    <div class="styled__GeneralSettingsPanel-sc-122ziys-19 hKJhWi">
      <div class="styled__DropdownSelector-sc-122ziys-17 kiQdDP">
        <div>
          <label for="id-query-param-maxWalkDistance"
                 class="styled__SettingLabel-sc-122ziys-2 hlSjLd"
          >
            Maximum Walk
          </label>
        </div>
        <div>
          <select id="id-query-param-maxWalkDistance">
            <option value="160.9">
              1/10 mile
            </option>
            <option value="402.3">
              1/4 mile
            </option>
            <option value="804.7">
              1/2 mile
            </option>
            <option value="1207">
              3/4 mile
            </option>
            <option value="1609">
              1 mile
            </option>
            <option value="3219">
              2 miles
            </option>
            <option value="8047">
              5 miles
            </option>
          </select>
        </div>
      </div>
    </div>
    <div class="styled__TransitOptionsContainer-sc-18bsv9u-2 bBSjWT">
      <button class="styled__Checkbox-sc-18bsv9u-15 jPGkfd"
              aria-checked="true"
              aria-label="Buses"
              role="checkbox"
              tabindex="0"
      >
        <svg viewbox="0 0 16 16"
             aria-hidden="true"
             focusable="false"
             fill="currentColor"
             xmlns="http://www.w3.org/2000/svg"
             class="StyledIconBase-ea9ulj-0 hPhvO styled__GreenCheck-sc-18bsv9u-3 eYproP"
        >
          <path d="M10.97 4.97a.75.75 0 0 1 1.07 1.05l-3.99 4.99a.75.75 0 0 1-1.08.02L4.324 8.384a.75.75 0 1 1 1.06-1.06l2.094 2.093 3.473-4.425a.267.267 0 0 1 .02-.022z">
          </path>
        </svg>
        <img alt="Image for Buses"
             src="https://trimet.org/global/img/mode-bus.png"
             class="styled__Image-sc-18bsv9u-5 jzVexb"
        >
        <span style="z-index: 5;">
          Buses
        </span>
      </button>
      <button class="styled__Checkbox-sc-18bsv9u-15 jPGkfd"
              aria-checked="true"
              aria-label="MAX and Portland Streetcar"
              role="checkbox"
              tabindex="0"
      >
        <svg viewbox="0 0 16 16"
             aria-hidden="true"
             focusable="false"
             fill="currentColor"
             xmlns="http://www.w3.org/2000/svg"
             class="StyledIconBase-ea9ulj-0 hPhvO styled__GreenCheck-sc-18bsv9u-3 eYproP"
        >
          <path d="M10.97 4.97a.75.75 0 0 1 1.07 1.05l-3.99 4.99a.75.75 0 0 1-1.08.02L4.324 8.384a.75.75 0 1 1 1.06-1.06l2.094 2.093 3.473-4.425a.267.267 0 0 1 .02-.022z">
          </path>
        </svg>
        <img alt="Image for MAX and Portland Streetcar"
             src="https://trimet.org/global/img/mode-max.png"
             class="styled__Image-sc-18bsv9u-5 jzVexb"
        >
        <span style="z-index: 5;">
          MAX and Portland Streetcar
        </span>
      </button>
      <button class="styled__Checkbox-sc-18bsv9u-15 jPGkfd"
              aria-checked="true"
              aria-label="WES Commuter Rail"
              role="checkbox"
              tabindex="0"
      >
        <svg viewbox="0 0 16 16"
             aria-hidden="true"
             focusable="false"
             fill="currentColor"
             xmlns="http://www.w3.org/2000/svg"
             class="StyledIconBase-ea9ulj-0 hPhvO styled__GreenCheck-sc-18bsv9u-3 eYproP"
        >
          <path d="M10.97 4.97a.75.75 0 0 1 1.07 1.05l-3.99 4.99a.75.75 0 0 1-1.08.02L4.324 8.384a.75.75 0 1 1 1.06-1.06l2.094 2.093 3.473-4.425a.267.267 0 0 1 .02-.022z">
          </path>
        </svg>
        <img alt="Image for WES Commuter Rail"
             src="https://trimet.org/global/img/mode-wes.png"
             class="styled__Image-sc-18bsv9u-5 jzVexb"
        >
        <span style="z-index: 5;">
          WES Commuter Rail
        </span>
      </button>
    </div>
  </div>
</div>
`;
