// Jest Snapshot v1, https://goo.gl/fbAQLP

exports[`Icons/SeptaModeIcon SeptaModeIconExamples smoke-test 1`] = `
<table class="icon-renderer__StyledTable-sc-epf3ui-0 fqtAeK">
  <thead>
    <tr>
      <th>
        Mode Type
      </th>
      <th>
        Result
      </th>
    </tr>
  </thead>
  <tbody>
    <tr>
      <td>
        BICYCLE
      </td>
      <td>
        <div>
          <svg xmlns="http://www.w3.org/2000/svg"
               width="20.469"
               height="30"
               viewbox="0 0 21 15"
          >
            <path id="Bike"
                  d="M871.138,64.5a4.216,4.216,0,0,0-.761.068l-1.32-3.617v-1.99h.705a.654.654,0,1,0,0-1.308h-2.73a.654.654,0,1,0,0,1.308h.717V60.4h-5.539V58.315a.66.66,0,0,0-.659-.66h-2.741a.654.654,0,0,0,0,1.308H860.9v1.99l-1.319,3.617a4.357,4.357,0,0,0-.773-.068,4.079,4.079,0,1,0,2,.523l.819-2.24L864.36,68.8l.023.045a.606.606,0,0,0,.341.33.184.184,0,0,0,.1.034.326.326,0,0,0,.148.023h2.138a4.075,4.075,0,1,0,4.026-4.731Zm-9.552,4.083a2.769,2.769,0,1,1-2.775-2.775,2.8,2.8,0,0,1,.318.023l-.921,2.525a.653.653,0,1,0,1.229.443l.92-2.536A2.813,2.813,0,0,1,861.586,68.584Zm8.017-2.32.6,1.66h-1.762A2.815,2.815,0,0,1,869.6,66.264ZM862.576,61.7h4.811L864.975,67Zm4.537,6.22h-1.126l2.342-5.152.819,2.24A4.067,4.067,0,0,0,867.113,67.924Zm4.026,3.423a2.769,2.769,0,0,1-2.695-2.115h2.695a.471.471,0,0,0,.182-.035h.011a.11.11,0,0,0,.057-.023.514.514,0,0,0,.3-.261.6.6,0,0,0,.1-.341.578.578,0,0,0-.034-.193c0-.023-.011-.034-.011-.057l-.91-2.5a2.772,2.772,0,1,1,.307,5.527Z"
                  transform="translate(-854.74 -57.655)"
            >
            </path>
          </svg>
        </div>
      </td>
    </tr>
    <tr>
      <td>
        BICYCLE_RENT
      </td>
      <td>
        <div>
          <svg xmlns="http://www.w3.org/2000/svg"
               width="20.469"
               height="30"
               viewbox="0 0 21 15"
          >
            <path id="Bike"
                  d="M871.138,64.5a4.216,4.216,0,0,0-.761.068l-1.32-3.617v-1.99h.705a.654.654,0,1,0,0-1.308h-2.73a.654.654,0,1,0,0,1.308h.717V60.4h-5.539V58.315a.66.66,0,0,0-.659-.66h-2.741a.654.654,0,0,0,0,1.308H860.9v1.99l-1.319,3.617a4.357,4.357,0,0,0-.773-.068,4.079,4.079,0,1,0,2,.523l.819-2.24L864.36,68.8l.023.045a.606.606,0,0,0,.341.33.184.184,0,0,0,.1.034.326.326,0,0,0,.148.023h2.138a4.075,4.075,0,1,0,4.026-4.731Zm-9.552,4.083a2.769,2.769,0,1,1-2.775-2.775,2.8,2.8,0,0,1,.318.023l-.921,2.525a.653.653,0,1,0,1.229.443l.92-2.536A2.813,2.813,0,0,1,861.586,68.584Zm8.017-2.32.6,1.66h-1.762A2.815,2.815,0,0,1,869.6,66.264ZM862.576,61.7h4.811L864.975,67Zm4.537,6.22h-1.126l2.342-5.152.819,2.24A4.067,4.067,0,0,0,867.113,67.924Zm4.026,3.423a2.769,2.769,0,0,1-2.695-2.115h2.695a.471.471,0,0,0,.182-.035h.011a.11.11,0,0,0,.057-.023.514.514,0,0,0,.3-.261.6.6,0,0,0,.1-.341.578.578,0,0,0-.034-.193c0-.023-.011-.034-.011-.057l-.91-2.5a2.772,2.772,0,1,1,.307,5.527Z"
                  transform="translate(-854.74 -57.655)"
            >
            </path>
          </svg>
        </div>
      </td>
    </tr>
    <tr>
      <td>
        BUS
      </td>
      <td>
        <div>
          <svg xmlns="http://www.w3.org/2000/svg"
               width="25.023"
               height="25.022"
               viewbox="0 0 25.023 25.022"
          >
            <g id="Group_57689"
               data-name="Group 57689"
               transform="translate(-845 -293)"
            >
              <path id="Path_36555"
                    data-name="Path 36555"
                    d="M34.988,32.7v1.031a.863.863,0,1,0,1.725,0c0-.263-.014-1.031-.014-1.031h1.14V26.585s-.313-3.1-.442-4.326c-.144-1.37-.461-1.77-1.424-2.224a10.613,10.613,0,0,0-4.562-.924,10.616,10.616,0,0,0-4.563.924c-.963.455-1.279.854-1.424,2.224-.13,1.23-.442,4.326-.442,4.326V32.7h1.14s-.014.768-.014,1.031a.863.863,0,1,0,1.725,0V32.7Zm-8.874-2.88a.859.859,0,1,1,.859.859.859.859,0,0,1-.859-.859m8.879,0a.859.859,0,1,1,.859.859.859.859,0,0,1-.859-.859m-6.234-8.762a.392.392,0,1,1,0-.783H34.1a.392.392,0,1,1,0,.783Zm-2.047,5.577A.577.577,0,0,1,26.127,26c.1-1.375.181-2.151.349-3.531a.612.612,0,0,1,.671-.506H35.69a.629.629,0,0,1,.671.529c.186,1.453.25,2.093.353,3.5a.554.554,0,0,1-.551.638Z"
                    transform="translate(826.1 278.66)"
                    fill="#1a1818"
              >
              </path>
              <g id="Ellipse_528"
                 data-name="Ellipse 528"
                 transform="translate(845 293)"
                 fill="none"
                 stroke="#1a1818"
                 stroke-width="1"
              >
                <circle cx="12.511"
                        cy="12.511"
                        r="12.511"
                        stroke="none"
                >
                </circle>
                <circle cx="12.511"
                        cy="12.511"
                        r="12.011"
                        fill="none"
                >
                </circle>
              </g>
            </g>
          </svg>
        </div>
      </td>
    </tr>
    <tr>
      <td>
        CAR
      </td>
      <td>
        <div>
          <svg xmlns="http://www.w3.org/2000/svg"
               width="18.462"
               height="13.867"
               viewbox="0 0 18.462 13.867"
          >
            <path id="Parking"
                  d="M929.672,57.655a2.078,2.078,0,0,0-1.993,1.474l-.953,3.185-1.343-.455-.434,1.3,1.365.455-.434,1.474a.673.673,0,0,0-.022.195v5.547a.7.7,0,0,0,.693.693h2.08l.239-.693h10.617l.238.693h2.08a.7.7,0,0,0,.693-.693v-.585a.7.7,0,0,0,0-.109V65.282a.651.651,0,0,0-.022-.195l-.433-1.474,1.365-.455-.434-1.3-1.343.455-.953-3.185a2.078,2.078,0,0,0-1.994-1.474Zm0,1.387h9.014a.7.7,0,0,1,.672.5l.889,2.968H928.113L929,59.54A.7.7,0,0,1,929.672,59.042ZM927.7,63.9h12.958l.455,1.517v4.03H927.246v-4.03Zm1.278.693a1.04,1.04,0,1,0,1.04,1.04A1.04,1.04,0,0,0,928.979,64.589Zm10.4,0a1.04,1.04,0,1,0,1.04,1.04A1.04,1.04,0,0,0,939.38,64.589Zm-7.974,2.08-.866,2.08h1.5l.3-.693h3.683l.3.693h1.5l-.867-2.08Z"
                  transform="translate(-924.949 -57.655)"
            >
            </path>
          </svg>
        </div>
      </td>
    </tr>
    <tr>
      <td>
        CAR_PARK
      </td>
      <td>
        <div>
          <svg xmlns="http://www.w3.org/2000/svg"
               width="18.462"
               height="13.867"
               viewbox="0 0 18.462 13.867"
          >
            <path id="Parking"
                  d="M929.672,57.655a2.078,2.078,0,0,0-1.993,1.474l-.953,3.185-1.343-.455-.434,1.3,1.365.455-.434,1.474a.673.673,0,0,0-.022.195v5.547a.7.7,0,0,0,.693.693h2.08l.239-.693h10.617l.238.693h2.08a.7.7,0,0,0,.693-.693v-.585a.7.7,0,0,0,0-.109V65.282a.651.651,0,0,0-.022-.195l-.433-1.474,1.365-.455-.434-1.3-1.343.455-.953-3.185a2.078,2.078,0,0,0-1.994-1.474Zm0,1.387h9.014a.7.7,0,0,1,.672.5l.889,2.968H928.113L929,59.54A.7.7,0,0,1,929.672,59.042ZM927.7,63.9h12.958l.455,1.517v4.03H927.246v-4.03Zm1.278.693a1.04,1.04,0,1,0,1.04,1.04A1.04,1.04,0,0,0,928.979,64.589Zm10.4,0a1.04,1.04,0,1,0,1.04,1.04A1.04,1.04,0,0,0,939.38,64.589Zm-7.974,2.08-.866,2.08h1.5l.3-.693h3.683l.3.693h1.5l-.867-2.08Z"
                  transform="translate(-924.949 -57.655)"
            >
            </path>
          </svg>
        </div>
      </td>
    </tr>
    <tr>
      <td>
        FERRY
      </td>
      <td>
        <div>
        </div>
      </td>
    </tr>
    <tr>
      <td>
        FLEX
      </td>
      <td>
        <div>
        </div>
      </td>
    </tr>
    <tr>
      <td>
        GONDOLA
      </td>
      <td>
        <div>
        </div>
      </td>
    </tr>
    <tr>
      <td>
        MICROMOBILITY
      </td>
      <td>
        <div>
        </div>
      </td>
    </tr>
    <tr>
      <td>
        MICROMOBILITY_RENT
      </td>
      <td>
        <div>
        </div>
      </td>
    </tr>
    <tr>
      <td>
        SCOOTER
      </td>
      <td>
        <div>
        </div>
      </td>
    </tr>
    <tr>
      <td>
        RAIL
      </td>
      <td>
        <div>
          <svg width="27"
               height="27"
               viewbox="0 0 27 27"
               fill="none"
               xmlns="http://www.w3.org/2000/svg"
          >
            <g clip-path="url(#clip0_1_2)">
              <path d="M9.31302 19.816H17.1L16.825 19.196H9.63502L9.31302 19.816ZM16.45 18.197L16.276 17.875H17.266L17.449 18.197H18.105L18.705 19.19H18.011L18.374 19.81H19.083L19.783 20.974H19.024L19.653 22.074H17.853L17.333 20.981L8.70702 20.987L8.15202 22.074H6.37402L7.00302 20.974H6.24402L6.93202 19.81H7.66202L8.01602 19.19H7.32202L7.92202 18.197H8.57802L8.76102 17.875H9.75102L9.57702 18.197H16.45Z"
                    fill="white"
              >
              </path>
              <path d="M16.503 17.364H17.318V16.864H17.793L18.893 14.495V7.43201H7.20402V14.51L8.30402 16.856H8.81202V17.356H9.62702V16.52H10.041L10.585 15.649V14.792H11.285L11.317 8.43201C11.335 8.21901 11.456 8.24002 11.784 8.21302C11.8254 8.21302 12.6497 8.21302 14.257 8.21302C14.614 8.21302 14.771 8.17501 14.771 8.50301V14.795H15.486V15.658L16.041 16.529H16.493V17.365L16.503 17.364Z"
                    fill="white"
              >
              </path>
              <path d="M13.28 3.08702V2.61101L14.131 2.63802C14.6615 2.69167 15.1795 2.83256 15.664 3.05501C15.732 3.10201 15.815 3.15502 15.877 3.09002C15.907 3.05502 16.243 2.67901 16.246 2.67601C16.0603 2.43322 15.8368 2.22187 15.584 2.05002L14.134 1.81702H11.868L10.668 2.04201C10.4175 2.22763 10.1972 2.45095 10.015 2.70401C10.1264 2.85352 10.2498 2.99366 10.384 3.12302C10.39 3.12302 10.449 3.09302 10.564 3.03402C10.9535 2.8291 11.379 2.70175 11.817 2.65902L12.795 2.61502V3.09102H12.52V3.89702H12.795V4.91002L9.89502 5.13202C9.05594 5.17439 8.24632 5.45501 7.56102 5.94101C7.23902 6.24101 7.21502 7.12302 7.20102 7.12302H18.893C18.893 7.12302 18.869 6.15402 18.465 5.90302C17.646 5.45018 16.7392 5.17903 15.806 5.10802L13.28 4.90802V3.89502H13.51V3.08902H13.28V3.08702Z"
                    fill="white"
              >
              </path>
              <path fill-rule="evenodd"
                    clip-rule="evenodd"
                    d="M11.838 9.03702C11.8379 8.97447 11.8501 8.91252 11.874 8.85471C11.8979 8.7969 11.9329 8.74436 11.9771 8.70014C12.0214 8.65591 12.0739 8.62086 12.1317 8.59699C12.1895 8.57311 12.2515 8.56089 12.314 8.56102H13.605C13.6676 8.56089 13.7295 8.57311 13.7873 8.59699C13.8451 8.62086 13.8977 8.65591 13.9419 8.70014C13.9861 8.74436 14.0212 8.7969 14.0451 8.85471C14.0689 8.91252 14.0812 8.97447 14.081 9.03702V10.428C14.0812 10.4906 14.0689 10.5525 14.0451 10.6103C14.0212 10.6681 13.9861 10.7207 13.9419 10.7649C13.8977 10.8091 13.8451 10.8442 13.7873 10.8681C13.7295 10.8919 13.6676 10.9042 13.605 10.904H12.315C12.2525 10.9042 12.1905 10.8919 12.1327 10.8681C12.0749 10.8442 12.0224 10.8091 11.9781 10.7649C11.9339 10.7207 11.8989 10.6681 11.875 10.6103C11.8511 10.5525 11.8389 10.4906 11.839 10.428L11.838 9.03702Z"
                    fill="white"
              >
              </path>
              <path d="M15.643 8.22403H17.374C17.3942 8.2221 17.4145 8.22416 17.4339 8.2301C17.4532 8.23605 17.4712 8.24575 17.4869 8.25867C17.5025 8.27158 17.5154 8.28745 17.5248 8.30536C17.5343 8.32326 17.5401 8.34285 17.542 8.36302V10.484C17.5442 10.5082 17.5416 10.5326 17.5343 10.5557C17.5271 10.5789 17.5153 10.6004 17.4997 10.619C17.484 10.6376 17.4649 10.6529 17.4433 10.6641C17.4218 10.6752 17.3982 10.682 17.374 10.684H15.646C15.5974 10.6794 15.5524 10.6559 15.521 10.6185C15.4896 10.581 15.4741 10.5327 15.478 10.484V8.36203C15.4797 8.34204 15.4852 8.32257 15.4944 8.30475C15.5036 8.28692 15.5162 8.2711 15.5316 8.25818C15.5469 8.24526 15.5647 8.23549 15.5838 8.22946C15.6029 8.22343 15.623 8.22124 15.643 8.22302"
                    fill="#4C748C"
              >
              </path>
              <path d="M8.52102 8.20401H10.252C10.2722 8.20208 10.2925 8.20415 10.3119 8.2101C10.3313 8.21604 10.3492 8.22575 10.3649 8.23866C10.3805 8.25158 10.3934 8.26743 10.4028 8.28534C10.4123 8.30325 10.4181 8.32285 10.42 8.34302V10.464C10.4222 10.4882 10.4196 10.5126 10.4123 10.5357C10.4051 10.5589 10.3933 10.5804 10.3777 10.599C10.362 10.6176 10.3429 10.6329 10.3213 10.6441C10.2998 10.6552 10.2762 10.662 10.252 10.664H8.52402C8.47535 10.6594 8.43045 10.6359 8.39901 10.5985C8.36757 10.561 8.35213 10.5127 8.35602 10.464V8.34302C8.35958 8.30275 8.37893 8.26553 8.40985 8.23949C8.44077 8.21344 8.48073 8.20068 8.52102 8.20401Z"
                    fill="#4C748C"
              >
              </path>
              <path fill-rule="evenodd"
                    clip-rule="evenodd"
                    d="M9.49302 12.95C9.49322 12.8393 9.5262 12.7312 9.58781 12.6393C9.64942 12.5473 9.73689 12.4757 9.83918 12.4334C9.94146 12.3912 10.054 12.3802 10.1625 12.4018C10.271 12.4235 10.3707 12.4768 10.449 12.555C10.5273 12.6333 10.5806 12.733 10.6022 12.8415C10.6238 12.9501 10.6128 13.0626 10.5706 13.1649C10.5283 13.2671 10.4567 13.3546 10.3648 13.4162C10.2728 13.4778 10.1647 13.5108 10.054 13.511C9.90523 13.511 9.76254 13.4519 9.65733 13.3467C9.55212 13.2415 9.49302 13.0988 9.49302 12.95Z"
                    fill="#4C748C"
              >
              </path>
              <path d="M15.523 6.76801H17.532C17.532 6.76801 17.544 6.52302 17.541 6.31602C17.541 6.12702 17.535 6.08301 17.349 6.01601C16.8573 5.80849 16.3249 5.71548 15.792 5.74401C15.653 5.74401 15.55 5.78502 15.523 5.87702V6.76801Z"
                    fill="#4C748C"
              >
              </path>
              <path d="M10.565 6.77701H8.57402C8.57402 6.77701 8.56202 6.53502 8.56502 6.32502C8.56502 6.13902 8.57102 6.09201 8.75702 6.02501C9.24869 5.81749 9.78111 5.72447 10.314 5.75301C10.453 5.75301 10.556 5.79402 10.583 5.88602L10.565 6.77701Z"
                    fill="#4C748C"
              >
              </path>
              <path fill-rule="evenodd"
                    clip-rule="evenodd"
                    d="M15.372 12.93C15.3722 12.8193 15.4052 12.7112 15.4668 12.6193C15.5284 12.5273 15.6159 12.4557 15.7182 12.4135C15.8205 12.3712 15.933 12.3602 16.0415 12.3818C16.1501 12.4035 16.2497 12.4568 16.328 12.535C16.4063 12.6133 16.4596 12.713 16.4812 12.8215C16.5029 12.9301 16.4918 13.0426 16.4496 13.1449C16.4073 13.2471 16.3357 13.3346 16.2438 13.3962C16.1518 13.4578 16.0437 13.4908 15.933 13.491C15.7846 13.49 15.6425 13.4305 15.5375 13.3256C15.4325 13.2206 15.3731 13.0785 15.372 12.93Z"
                    fill="#4C748C"
              >
              </path>
              <path d="M15.254 15.004H10.808V15.878H15.254V15.004Z"
                    fill="white"
              >
              </path>
              <path d="M14.267 5.61302H11.875C11.5503 5.61302 11.287 5.87627 11.287 6.20102C11.287 6.52576 11.5503 6.78902 11.875 6.78902H14.267C14.5918 6.78902 14.855 6.52576 14.855 6.20102C14.855 5.87627 14.5918 5.61302 14.267 5.61302Z"
                    fill="#4C748C"
              >
              </path>
              <path fill-rule="evenodd"
                    clip-rule="evenodd"
                    d="M11.617 6.19201C11.617 6.11962 11.6385 6.04886 11.6787 5.98867C11.7189 5.92848 11.7761 5.88157 11.843 5.85387C11.9098 5.82617 11.9834 5.81892 12.0544 5.83304C12.1254 5.84717 12.1906 5.88203 12.2418 5.93322C12.293 5.9844 12.3279 6.04961 12.342 6.12061C12.3561 6.19161 12.3489 6.26521 12.3212 6.33208C12.2935 6.39896 12.2465 6.45611 12.1864 6.49633C12.1262 6.53655 12.0554 6.55802 11.983 6.55802C11.935 6.55802 11.8874 6.54855 11.843 6.53016C11.7986 6.51176 11.7582 6.4848 11.7242 6.45081C11.6902 6.41683 11.6633 6.37649 11.6449 6.33208C11.6265 6.28768 11.617 6.24007 11.617 6.19201Z"
                    fill="white"
              >
              </path>
              <path fill-rule="evenodd"
                    clip-rule="evenodd"
                    d="M13.824 6.20302C13.824 6.13063 13.8455 6.05987 13.8857 5.99968C13.9259 5.93949 13.9831 5.89258 14.05 5.86488C14.1168 5.83718 14.1904 5.82993 14.2614 5.84405C14.3324 5.85818 14.3976 5.89303 14.4488 5.94421C14.5 5.9954 14.5349 6.06061 14.549 6.13161C14.5631 6.2026 14.5559 6.2762 14.5282 6.34308C14.5005 6.40995 14.4535 6.46712 14.3934 6.50734C14.3332 6.54755 14.2624 6.56901 14.19 6.56901C14.093 6.56901 13.9999 6.53046 13.9312 6.46182C13.8626 6.39318 13.824 6.30009 13.824 6.20302Z"
                    fill="white"
              >
              </path>
              <path d="M9.31302 19.816H17.1L16.825 19.196H9.63502L9.31302 19.816ZM16.45 18.197L16.276 17.875H17.266L17.449 18.197H18.105L18.705 19.19H18.011L18.374 19.81H19.083L19.783 20.974H19.024L19.653 22.074H17.853L17.333 20.981L8.70702 20.987L8.15202 22.074H6.37402L7.00302 20.974H6.24402L6.93202 19.81H7.66202L8.01602 19.19H7.32202L7.92202 18.197H8.57802L8.76102 17.875H9.75102L9.57702 18.197H16.45Z"
                    fill="black"
              >
              </path>
              <path d="M16.503 17.364H17.318V16.864H17.793L18.893 14.495V7.43201H7.20402V14.51L8.30402 16.856H8.81202V17.356H9.62702V16.52H10.041L10.585 15.649V14.792H11.285L11.317 8.43201C11.335 8.21901 11.456 8.24002 11.784 8.21302C11.8254 8.21302 12.6497 8.21302 14.257 8.21302C14.614 8.21302 14.771 8.17501 14.771 8.50301V14.795H15.486V15.658L16.041 16.529H16.493V17.365L16.503 17.364Z"
                    fill="black"
              >
              </path>
              <path d="M13.28 3.08702V2.61101L14.131 2.63802C14.6615 2.69167 15.1795 2.83256 15.664 3.05501C15.732 3.10201 15.815 3.15502 15.877 3.09002C15.907 3.05502 16.243 2.67901 16.246 2.67601C16.0603 2.43322 15.8368 2.22187 15.584 2.05002L14.134 1.81702H11.868L10.668 2.04201C10.4175 2.22763 10.1972 2.45095 10.015 2.70401C10.1264 2.85352 10.2498 2.99366 10.384 3.12302C10.39 3.12302 10.449 3.09302 10.564 3.03402C10.9535 2.8291 11.379 2.70175 11.817 2.65902L12.795 2.61502V3.09102H12.52V3.89702H12.795V4.91002L9.89502 5.13202C9.05594 5.17439 8.24632 5.45501 7.56102 5.94101C7.23902 6.24101 7.21502 7.12302 7.20102 7.12302H18.893C18.893 7.12302 18.869 6.15402 18.465 5.90302C17.646 5.45018 16.7392 5.17903 15.806 5.10802L13.28 4.90802V3.89502H13.51V3.08902H13.28V3.08702Z"
                    fill="black"
              >
              </path>
              <path fill-rule="evenodd"
                    clip-rule="evenodd"
                    d="M11.838 9.03702C11.8379 8.97447 11.8501 8.91252 11.874 8.85471C11.8979 8.7969 11.9329 8.74436 11.9771 8.70014C12.0214 8.65591 12.0739 8.62086 12.1317 8.59699C12.1895 8.57311 12.2515 8.56089 12.314 8.56102H13.605C13.6676 8.56089 13.7295 8.57311 13.7873 8.59699C13.8451 8.62086 13.8977 8.65591 13.9419 8.70014C13.9861 8.74436 14.0212 8.7969 14.0451 8.85471C14.0689 8.91252 14.0812 8.97447 14.081 9.03702V10.428C14.0812 10.4906 14.0689 10.5525 14.0451 10.6103C14.0212 10.6681 13.9861 10.7207 13.9419 10.7649C13.8977 10.8091 13.8451 10.8442 13.7873 10.8681C13.7295 10.8919 13.6676 10.9042 13.605 10.904H12.315C12.2525 10.9042 12.1905 10.8919 12.1327 10.8681C12.0749 10.8442 12.0224 10.8091 11.9781 10.7649C11.9339 10.7207 11.8989 10.6681 11.875 10.6103C11.8511 10.5525 11.8389 10.4906 11.839 10.428L11.838 9.03702Z"
                    fill="black"
              >
              </path>
              <path d="M15.643 8.22403H17.374C17.3942 8.2221 17.4145 8.22416 17.4339 8.2301C17.4532 8.23605 17.4712 8.24575 17.4869 8.25867C17.5025 8.27158 17.5154 8.28745 17.5248 8.30536C17.5343 8.32326 17.5401 8.34285 17.542 8.36302V10.484C17.5442 10.5082 17.5416 10.5326 17.5343 10.5557C17.5271 10.5789 17.5153 10.6004 17.4997 10.619C17.484 10.6376 17.4649 10.6529 17.4433 10.6641C17.4218 10.6752 17.3982 10.682 17.374 10.684H15.646C15.5974 10.6794 15.5524 10.6559 15.521 10.6185C15.4896 10.581 15.4741 10.5327 15.478 10.484V8.36203C15.4797 8.34204 15.4852 8.32257 15.4944 8.30475C15.5036 8.28692 15.5162 8.2711 15.5316 8.25818C15.5469 8.24526 15.5647 8.23549 15.5838 8.22946C15.6029 8.22343 15.623 8.22124 15.643 8.22302"
                    fill="white"
              >
              </path>
              <path d="M8.52102 8.20401H10.252C10.2722 8.20208 10.2925 8.20415 10.3119 8.2101C10.3313 8.21604 10.3492 8.22575 10.3649 8.23866C10.3805 8.25158 10.3934 8.26743 10.4028 8.28534C10.4123 8.30325 10.4181 8.32285 10.42 8.34302V10.464C10.4222 10.4882 10.4196 10.5126 10.4123 10.5357C10.4051 10.5589 10.3933 10.5804 10.3777 10.599C10.362 10.6176 10.3429 10.6329 10.3213 10.6441C10.2998 10.6552 10.2762 10.662 10.252 10.664H8.52402C8.47535 10.6594 8.43045 10.6359 8.39901 10.5985C8.36757 10.561 8.35213 10.5127 8.35602 10.464V8.34302C8.35958 8.30275 8.37893 8.26553 8.40985 8.23949C8.44077 8.21344 8.48073 8.20068 8.52102 8.20401Z"
                    fill="white"
              >
              </path>
              <path fill-rule="evenodd"
                    clip-rule="evenodd"
                    d="M9.49302 12.95C9.49322 12.8393 9.5262 12.7312 9.58781 12.6393C9.64942 12.5473 9.73689 12.4757 9.83918 12.4334C9.94146 12.3912 10.054 12.3802 10.1625 12.4018C10.271 12.4235 10.3707 12.4768 10.449 12.555C10.5273 12.6333 10.5806 12.733 10.6022 12.8415C10.6238 12.9501 10.6128 13.0626 10.5706 13.1649C10.5283 13.2671 10.4567 13.3546 10.3648 13.4162C10.2728 13.4778 10.1647 13.5108 10.054 13.511C9.90523 13.511 9.76254 13.4519 9.65733 13.3467C9.55212 13.2415 9.49302 13.0988 9.49302 12.95Z"
                    fill="white"
              >
              </path>
              <path d="M15.523 6.76801H17.532C17.532 6.76801 17.544 6.52302 17.541 6.31602C17.541 6.12702 17.535 6.08301 17.349 6.01601C16.8573 5.80849 16.3249 5.71548 15.792 5.74401C15.653 5.74401 15.55 5.78502 15.523 5.87702V6.76801Z"
                    fill="white"
              >
              </path>
              <path d="M10.565 6.77701H8.57402C8.57402 6.77701 8.56202 6.53502 8.56502 6.32502C8.56502 6.13902 8.57102 6.09201 8.75702 6.02501C9.24869 5.81749 9.78111 5.72447 10.314 5.75301C10.453 5.75301 10.556 5.79402 10.583 5.88602L10.565 6.77701Z"
                    fill="white"
              >
              </path>
              <path fill-rule="evenodd"
                    clip-rule="evenodd"
                    d="M15.372 12.93C15.3722 12.8193 15.4052 12.7112 15.4668 12.6193C15.5284 12.5273 15.6159 12.4557 15.7182 12.4135C15.8205 12.3712 15.933 12.3602 16.0415 12.3818C16.1501 12.4035 16.2497 12.4568 16.328 12.535C16.4063 12.6133 16.4596 12.713 16.4812 12.8215C16.5029 12.9301 16.4918 13.0426 16.4496 13.1449C16.4073 13.2471 16.3357 13.3346 16.2438 13.3962C16.1518 13.4578 16.0437 13.4908 15.933 13.491C15.7846 13.49 15.6425 13.4305 15.5375 13.3256C15.4325 13.2206 15.3731 13.0785 15.372 12.93Z"
                    fill="white"
              >
              </path>
              <path d="M15.254 15.004H10.808V15.878H15.254V15.004Z"
                    fill="black"
              >
              </path>
              <path d="M11.763 5.61302H14.38C14.5063 5.61302 14.6273 5.66317 14.7166 5.75243C14.8059 5.8417 14.856 5.96277 14.856 6.08902V6.31302C14.856 6.37553 14.8437 6.43742 14.8198 6.49517C14.7959 6.55292 14.7608 6.6054 14.7166 6.6496C14.6724 6.6938 14.6199 6.72886 14.5622 6.75278C14.5044 6.7767 14.4425 6.78902 14.38 6.78902H11.763C11.6368 6.78902 11.5157 6.73887 11.4264 6.6496C11.3372 6.56033 11.287 6.43926 11.287 6.31302V6.08902C11.287 5.96277 11.3372 5.8417 11.4264 5.75243C11.5157 5.66317 11.6368 5.61302 11.763 5.61302Z"
                    fill="white"
              >
              </path>
              <path fill-rule="evenodd"
                    clip-rule="evenodd"
                    d="M11.617 6.19201C11.617 6.11962 11.6385 6.04886 11.6787 5.98867C11.7189 5.92848 11.7761 5.88157 11.843 5.85387C11.9098 5.82617 11.9834 5.81892 12.0544 5.83304C12.1254 5.84717 12.1906 5.88203 12.2418 5.93322C12.293 5.9844 12.3279 6.04961 12.342 6.12061C12.3561 6.19161 12.3489 6.26521 12.3212 6.33208C12.2935 6.39896 12.2465 6.45611 12.1864 6.49633C12.1262 6.53655 12.0554 6.55802 11.983 6.55802C11.935 6.55802 11.8874 6.54855 11.843 6.53016C11.7986 6.51176 11.7582 6.4848 11.7242 6.45081C11.6902 6.41683 11.6633 6.37649 11.6449 6.33208C11.6265 6.28768 11.617 6.24007 11.617 6.19201Z"
                    fill="black"
              >
              </path>
              <path fill-rule="evenodd"
                    clip-rule="evenodd"
                    d="M13.824 6.20302C13.824 6.13063 13.8455 6.05987 13.8857 5.99968C13.9259 5.93949 13.9831 5.89258 14.05 5.86488C14.1168 5.83718 14.1904 5.82993 14.2614 5.84405C14.3324 5.85818 14.3976 5.89303 14.4488 5.94421C14.5 5.9954 14.5349 6.06061 14.549 6.13161C14.5631 6.2026 14.5559 6.2762 14.5282 6.34308C14.5005 6.40995 14.4535 6.46712 14.3934 6.50734C14.3332 6.54755 14.2624 6.56901 14.19 6.56901C14.093 6.56901 13.9999 6.53046 13.9312 6.46182C13.8626 6.39318 13.824 6.30009 13.824 6.20302Z"
                    fill="black"
              >
              </path>
              <path d="M13.011 25.523C10.5366 25.5228 8.11789 24.7889 6.06062 23.4141C4.00335 22.0393 2.39994 20.0853 1.45313 17.7993C0.50633 15.5132 0.258655 12.9978 0.741426 10.571C1.2242 8.14416 2.41574 5.915 4.16537 4.16537C5.91501 2.41573 8.14416 1.2242 10.571 0.741426C12.9978 0.258655 15.5132 0.50633 17.7993 1.45313C20.0853 2.39994 22.0393 4.00335 23.4141 6.06062C24.7889 8.11789 25.5228 10.5366 25.523 13.011C25.5193 16.3282 24.1999 19.5086 21.8542 21.8542C19.5086 24.1999 16.3282 25.5193 13.011 25.523Z"
                    stroke="black"
              >
              </path>
            </g>
            <defs>
              <clipPath id="clip0_1_2">
                <rect width="26.023"
                      height="26.022"
                      fill="white"
                >
                </rect>
              </clipPath>
            </defs>
          </svg>
        </div>
      </td>
    </tr>
    <tr>
      <td>
        STREETCAR
      </td>
      <td>
        <div>
          <svg xmlns="http://www.w3.org/2000/svg"
               width="26.023"
               height="26.022"
               viewbox="0 0 26.023 26.022"
          >
            <g id="Group_57632"
               data-name="Group 57632"
               transform="translate(-299.5 -1876.595)"
            >
              <path id="Path_36325"
                    data-name="Path 36325"
                    d="M31.279,26.757A12.511,12.511,0,1,1,43.791,14.245,12.526,12.526,0,0,1,31.279,26.757"
                    transform="translate(281.232 1875.36)"
                    fill="none"
                    stroke="#1a1818"
                    stroke-width="1"
              >
              </path>
              <path id="Path_36326"
                    data-name="Path 36326"
                    d="M42.055,42.153l6.107-5.24H40.543l-5.4-5.409H35.14l0,0,0,0,5.209-5.239h6.8L41.047,31.5h7.619l5.4,5.41h.007l0,0,0,0L48.86,42.153ZM47.7,36.4l-4.217-4.217a.6.6,0,0,0-.428-.177H41.508l4.2,4.2a.671.671,0,0,0,.475.2Zm.483.492,0,0,0,0Z"
                    transform="translate(267.907 1855.4)"
              >
              </path>
            </g>
          </svg>
        </div>
      </td>
    </tr>
    <tr>
      <td>
        SUBWAY
      </td>
      <td>
        <div>
          <svg xmlns="http://www.w3.org/2000/svg"
               width="26.023"
               height="26.022"
               viewbox="0 0 26.023 26.022"
          >
            <g id="Group_57632"
               data-name="Group 57632"
               transform="translate(-299.5 -1876.595)"
            >
              <path id="Path_36325"
                    data-name="Path 36325"
                    d="M31.279,26.757A12.511,12.511,0,1,1,43.791,14.245,12.526,12.526,0,0,1,31.279,26.757"
                    transform="translate(281.232 1875.36)"
                    fill="none"
                    stroke="#1a1818"
                    stroke-width="1"
              >
              </path>
              <path id="Path_36326"
                    data-name="Path 36326"
                    d="M42.055,42.153l6.107-5.24H40.543l-5.4-5.409H35.14l0,0,0,0,5.209-5.239h6.8L41.047,31.5h7.619l5.4,5.41h.007l0,0,0,0L48.86,42.153ZM47.7,36.4l-4.217-4.217a.6.6,0,0,0-.428-.177H41.508l4.2,4.2a.671.671,0,0,0,.475.2Zm.483.492,0,0,0,0Z"
                    transform="translate(267.907 1855.4)"
              >
              </path>
            </g>
          </svg>
        </div>
      </td>
    </tr>
    <tr>
      <td>
        TRAM
      </td>
      <td>
        <div>
          <svg xmlns="http://www.w3.org/2000/svg"
               width="26.023"
               height="26.022"
               viewbox="0 0 26.023 26.022"
          >
            <g id="Group_57632"
               data-name="Group 57632"
               transform="translate(-299.5 -1876.595)"
            >
              <path id="Path_36325"
                    data-name="Path 36325"
                    d="M31.279,26.757A12.511,12.511,0,1,1,43.791,14.245,12.526,12.526,0,0,1,31.279,26.757"
                    transform="translate(281.232 1875.36)"
                    fill="none"
                    stroke="#1a1818"
                    stroke-width="1"
              >
              </path>
              <path id="Path_36326"
                    data-name="Path 36326"
                    d="M42.055,42.153l6.107-5.24H40.543l-5.4-5.409H35.14l0,0,0,0,5.209-5.239h6.8L41.047,31.5h7.619l5.4,5.41h.007l0,0,0,0L48.86,42.153ZM47.7,36.4l-4.217-4.217a.6.6,0,0,0-.428-.177H41.508l4.2,4.2a.671.671,0,0,0,.475.2Zm.483.492,0,0,0,0Z"
                    transform="translate(267.907 1855.4)"
              >
              </path>
            </g>
          </svg>
        </div>
      </td>
    </tr>
    <tr>
      <td>
        TRANSIT
      </td>
      <td>
        <div>
          <svg xmlns="http://www.w3.org/2000/svg"
               width="26.023"
               height="26.022"
               viewbox="0 0 26.023 26.022"
          >
            <g id="Group_57632"
               data-name="Group 57632"
               transform="translate(-299.5 -1876.595)"
            >
              <path id="Path_36325"
                    data-name="Path 36325"
                    d="M31.279,26.757A12.511,12.511,0,1,1,43.791,14.245,12.526,12.526,0,0,1,31.279,26.757"
                    transform="translate(281.232 1875.36)"
                    fill="none"
                    stroke="#1a1818"
                    stroke-width="1"
              >
              </path>
              <path id="Path_36326"
                    data-name="Path 36326"
                    d="M42.055,42.153l6.107-5.24H40.543l-5.4-5.409H35.14l0,0,0,0,5.209-5.239h6.8L41.047,31.5h7.619l5.4,5.41h.007l0,0,0,0L48.86,42.153ZM47.7,36.4l-4.217-4.217a.6.6,0,0,0-.428-.177H41.508l4.2,4.2a.671.671,0,0,0,.475.2Zm.483.492,0,0,0,0Z"
                    transform="translate(267.907 1855.4)"
              >
              </path>
            </g>
          </svg>
        </div>
      </td>
    </tr>
    <tr>
      <td>
        WALK
      </td>
      <td>
        <div>
          <svg xmlns="http://www.w3.org/2000/svg"
               width="16"
               height="30"
               viewbox="0 0 9 15.162"
          >
            <path id="Icon_awesome-walking"
                  data-name="Icon awesome-walking"
                  d="M6.16,2.843A1.421,1.421,0,1,0,4.739,1.421,1.422,1.422,0,0,0,6.16,2.843Zm2.8,4.415-.69-.349-.287-.871A3.228,3.228,0,0,0,4.955,3.79a6.511,6.511,0,0,0-2.763.746A2.824,2.824,0,0,0,.721,5.9l-.2.4a.951.951,0,0,0,.42,1.27A.935.935,0,0,0,2.2,7.154l.2-.4A.941.941,0,0,1,2.888,6.3l.794-.32-.45,1.8a1.9,1.9,0,0,0,.441,1.741L5.446,11.45a1.911,1.911,0,0,1,.441.82l.542,2.17a.948.948,0,1,0,1.839-.459l-.657-2.635a1.894,1.894,0,0,0-.441-.82L5.822,9.055,6.332,7.02l.163.489a1.888,1.888,0,0,0,.939,1.1l.69.349a.935.935,0,0,0,1.258-.423.959.959,0,0,0-.423-1.273ZM2.18,11.423a1.837,1.837,0,0,1-.42.637L.279,13.544a.947.947,0,0,0,1.338,1.341l1.759-1.759a1.925,1.925,0,0,0,.42-.637l.4-1C2.559,9.7,3.051,10.251,2.793,9.9L2.18,11.423Z"
            >
            </path>
          </svg>
        </div>
      </td>
    </tr>
    <tr>
      <td>
        NONE_OF_THE_ABOVE
      </td>
      <td>
        <div>
        </div>
      </td>
    </tr>
  </tbody>
</table>
`;
